Running OMR: CC0 Sparse TAB Technique Study
Warning: UnknownErrorException: Ensure that the `standardFontDataUrl` API parameter is provided.
Warning: UnknownErrorException: Ensure that the `standardFontDataUrl` API parameter is provided.
Warning: UnknownErrorException: Ensure that the `standardFontDataUrl` API parameter is provided.
Warning: UnknownErrorException: Ensure that the `standardFontDataUrl` API parameter is provided.
Warning: UnknownErrorException: Ensure that the `standardFontDataUrl` API parameter is provided.
Warning: UnknownErrorException: Ensure that the `standardFontDataUrl` API parameter is provided.
Running OMR: CC0 Standard Guitar Chord Study
Warning: UnknownErrorException: Ensure that the `standardFontDataUrl` API parameter is provided.
Warning: UnknownErrorException: Ensure that the `standardFontDataUrl` API parameter is provided.
Warning: UnknownErrorException: Ensure that the `standardFontDataUrl` API parameter is provided.
Warning: UnknownErrorException: Ensure that the `standardFontDataUrl` API parameter is provided.
Running OMR: CC0 Paired Notation and TAB Study
Warning: UnknownErrorException: Ensure that the `standardFontDataUrl` API parameter is provided.
Warning: UnknownErrorException: Ensure that the `standardFontDataUrl` API parameter is provided.
Warning: UnknownErrorException: Ensure that the `standardFontDataUrl` API parameter is provided.
Warning: UnknownErrorException: Ensure that the `standardFontDataUrl` API parameter is provided.
Warning: UnknownErrorException: Ensure that the `standardFontDataUrl` API parameter is provided.
Warning: UnknownErrorException: Ensure that the `standardFontDataUrl` API parameter is provided.
Running OMR: CC0 Guitar Technique Pairing Study
Warning: UnknownErrorException: Ensure that the `standardFontDataUrl` API parameter is provided.
Warning: UnknownErrorException: Ensure that the `standardFontDataUrl` API parameter is provided.
Warning: UnknownErrorException: Ensure that the `standardFontDataUrl` API parameter is provided.
Warning: UnknownErrorException: Ensure that the `standardFontDataUrl` API parameter is provided.
Warning: UnknownErrorException: Ensure that the `standardFontDataUrl` API parameter is provided.
Warning: UnknownErrorException: Ensure that the `standardFontDataUrl` API parameter is provided.
Wrote tmp/omr-v3-tab-grid-trial/omr-v3-shadow-report.json
Wrote tmp/omr-v3-tab-grid-trial/omr-v3-shadow-report.md
Wrote tmp/omr-v3-tab-grid-trial/duration-split-trace.json
Wrote tmp/omr-v3-tab-grid-trial/tie-sustain-constraint-trace.json
Wrote tmp/omr-v3-tab-grid-trial/rhythm-shadow-report.json
Wrote tmp/omr-v3-tab-grid-trial/voice-serialization-shadow-report.json
Wrote tmp/omr-v3-tab-grid-trial/voice-serialization-qualification.json
Wrote tmp/omr-v3-tab-grid-trial/omr-v2-rollout-gate.json

Wrote tmp/omr-v3-tab-grid-trial/report.json
Wrote tmp/omr-v3-tab-grid-trial/report.md
