[omr-trace] pipeline:enter { preprocessPages: true }
[omr-trace] pipeline:pdf-load-start { sourceType: 'url' }
[omr-trace] phase=pdf-load start
[omr-trace] phase=pdf-load ms=0 end
[omr-trace] pipeline:pdf-load-success { totalPages: 1 }
[omr-trace] phase=page-1 start
[omr-trace] pipeline:page-1:loop-start
[omr-debug] pipeline:page-1:after-pdf-render {
  label: 'pipeline:page-1:after-pdf-render',
  width: 1000,
  height: 1294,
  length: 5176000,
  bufferByteLength: 5176000,
  detached: false,
  probe: 255
} 
[omr-debug] pipeline:page-1:owned-render-buffer {
  label: 'pipeline:page-1:owned-render-buffer',
  width: 1000,
  height: 1294,
  length: 5176000,
  bufferByteLength: 5176000,
  detached: false,
  probe: 255
} 
[omr-debug] preprocess:input {
  label: 'preprocess:input',
  width: 1000,
  height: 1294,
  length: 5176000,
  bufferByteLength: 5176000,
  detached: false,
  probe: 255
} 
[omr-debug] preprocess:skipped-zero-copy {
  label: 'preprocess:skipped-zero-copy',
  width: 1000,
  height: 1294,
  length: 5176000,
  bufferByteLength: 5176000,
  detached: false,
  probe: 255
} 
[omr-debug] pipeline:page-1:after-preprocess {
  label: 'pipeline:page-1:after-preprocess',
  width: 1000,
  height: 1294,
  length: 5176000,
  bufferByteLength: 5176000,
  detached: false,
  probe: 255
} { applied: [] }
[omr-debug] pipeline:page-1:before-analyze {
  label: 'pipeline:page-1:before-analyze',
  width: 1000,
  height: 1294,
  length: 5176000,
  bufferByteLength: 5176000,
  detached: false,
  probe: 255
} 
[omr-debug] processOmrPage:start {
  label: 'processOmrPage:start',
  width: 1000,
  height: 1294,
  length: 5176000,
  bufferByteLength: 5176000,
  detached: false,
  probe: 255
} { page: 1, legacyFontGlyphsApplied: undefined }
[omr-debug] processOmrPage:done:page-1 {
  label: 'processOmrPage:done:page-1',
  width: 1000,
  height: 1294,
  length: 5176000,
  bufferByteLength: 5176000,
  detached: false,
  probe: 255
} {
  notes: 32,
  systems: 2,
  source: 'vector-glyphs',
  legacyFontGlyphsApplied: undefined
}
[omr-debug] pipeline:page-1:after-analyze { notes: 32, systems: 2 }
[omr-trace] phase=page-1 ms=115 end { systems: 2, measures: 8, notes: 32 }
[omr-trace] phase=omr-v3-confidence start
[omr-trace] phase=omr-v3-confidence ms=7 end
[omr-trace] phase=post-process start
[omr-trace] phase=post-process ms=1 end { measureCount: 8 }
[omr-trace] phase=build-musicxml start
[omr-trace] phase=build-musicxml ms=0 end
[omr-trace] phase=omr-v3-shadow start
[omr-trace] phase=omr-v3-shadow ms=3 end
[omr-trace] phase=omr-v3-independent-shadow start
[omr-trace] phase=omr-v3-independent-shadow ms=4 end
[omr-trace] pipeline:success { noteCount: 32, measureCount: 8 }
[omr-trace] pipeline:enter { preprocessPages: true }
[omr-trace] pipeline:pdf-load-start { sourceType: 'url' }
[omr-trace] phase=pdf-load start
[omr-trace] phase=pdf-load ms=0 end
[omr-trace] pipeline:pdf-load-success { totalPages: 1 }
[omr-trace] phase=page-1 start
[omr-trace] pipeline:page-1:loop-start
[omr-debug] pipeline:page-1:after-pdf-render {
  label: 'pipeline:page-1:after-pdf-render',
  width: 1000,
  height: 1294,
  length: 5176000,
  bufferByteLength: 5176000,
  detached: false,
  probe: 255
} 
[omr-debug] pipeline:page-1:owned-render-buffer {
  label: 'pipeline:page-1:owned-render-buffer',
  width: 1000,
  height: 1294,
  length: 5176000,
  bufferByteLength: 5176000,
  detached: false,
  probe: 255
} 
[omr-debug] preprocess:input {
  label: 'preprocess:input',
  width: 1000,
  height: 1294,
  length: 5176000,
  bufferByteLength: 5176000,
  detached: false,
  probe: 255
} 
[omr-debug] preprocess:skipped-zero-copy {
  label: 'preprocess:skipped-zero-copy',
  width: 1000,
  height: 1294,
  length: 5176000,
  bufferByteLength: 5176000,
  detached: false,
  probe: 255
} 
[omr-debug] pipeline:page-1:after-preprocess {
  label: 'pipeline:page-1:after-preprocess',
  width: 1000,
  height: 1294,
  length: 5176000,
  bufferByteLength: 5176000,
  detached: false,
  probe: 255
} { applied: [] }
[omr-debug] pipeline:page-1:before-analyze {
  label: 'pipeline:page-1:before-analyze',
  width: 1000,
  height: 1294,
  length: 5176000,
  bufferByteLength: 5176000,
  detached: false,
  probe: 255
} 
[omr-debug] processOmrPage:start {
  label: 'processOmrPage:start',
  width: 1000,
  height: 1294,
  length: 5176000,
  bufferByteLength: 5176000,
  detached: false,
  probe: 255
} { page: 1, legacyFontGlyphsApplied: undefined }
[omr-debug] processOmrPage:done:page-1 {
  label: 'processOmrPage:done:page-1',
  width: 1000,
  height: 1294,
  length: 5176000,
  bufferByteLength: 5176000,
  detached: false,
  probe: 255
} {
  notes: 88,
  systems: 2,
  source: 'vector-glyphs',
  legacyFontGlyphsApplied: undefined
}
[omr-debug] pipeline:page-1:after-analyze { notes: 88, systems: 2 }
[omr-trace] phase=page-1 ms=85 end { systems: 2, measures: 8, notes: 88 }
[omr-trace] phase=omr-v3-confidence start
[omr-trace] phase=omr-v3-confidence ms=4 end
[omr-trace] phase=post-process start
[omr-trace] phase=post-process ms=0 end { measureCount: 8 }
[omr-trace] phase=build-musicxml start
[omr-trace] phase=build-musicxml ms=0 end
[omr-trace] phase=omr-v3-shadow start
[omr-trace] phase=omr-v3-shadow ms=3 end
[omr-trace] phase=omr-v3-independent-shadow start
[omr-trace] phase=omr-v3-independent-shadow ms=9 end
[omr-trace] pipeline:measure-playback-report {
  firstBadMeasure: 1,
  flagged: [
    1, 2, 3, 4,
    5, 6, 7, 8
  ]
}
[omr-trace] pipeline:success { noteCount: 88, measureCount: 8 }
[omr-trace] pipeline:enter { preprocessPages: true }
[omr-trace] pipeline:pdf-load-start { sourceType: 'url' }
[omr-trace] phase=pdf-load start
[omr-trace] phase=pdf-load ms=0 end
[omr-trace] pipeline:pdf-load-success { totalPages: 9 }
[omr-trace] phase=page-1 start
[omr-trace] pipeline:page-1:loop-start
[omr-debug] pipeline:page-1:after-pdf-render {
  label: 'pipeline:page-1:after-pdf-render',
  width: 1000,
  height: 1238,
  length: 4952000,
  bufferByteLength: 4952000,
  detached: false,
  probe: 0
} 
[omr-debug] pipeline:page-1:owned-render-buffer {
  label: 'pipeline:page-1:owned-render-buffer',
  width: 1000,
  height: 1238,
  length: 4952000,
  bufferByteLength: 4952000,
  detached: false,
  probe: 0
} 
[omr-debug] preprocess:input {
  label: 'preprocess:input',
  width: 1000,
  height: 1238,
  length: 4952000,
  bufferByteLength: 4952000,
  detached: false,
  probe: 0
} 
[omr-debug] preprocess:output {
  label: 'preprocess:output',
  width: 1000,
  height: 1238,
  length: 4952000,
  bufferByteLength: 4952000,
  detached: false,
  probe: 0
} {
  applied: [ 'despeckle', 'deskew' ],
  deskew: {
    angle: -0.75,
    confidence: 0.6453837584053643,
    improvement: 0.045383758405364384
  }
}
[omr-debug] pipeline:page-1:after-preprocess {
  label: 'pipeline:page-1:after-preprocess',
  width: 1000,
  height: 1238,
  length: 4952000,
  bufferByteLength: 4952000,
  detached: false,
  probe: 0
} { applied: [ 'despeckle', 'deskew' ] }
[omr-debug] pipeline:page-1:before-analyze {
  label: 'pipeline:page-1:before-analyze',
  width: 1000,
  height: 1238,
  length: 4952000,
  bufferByteLength: 4952000,
  detached: false,
  probe: 0
} 
[omr-debug] processOmrPage:start {
  label: 'processOmrPage:start',
  width: 1000,
  height: 1238,
  length: 4952000,
  bufferByteLength: 4952000,
  detached: false,
  probe: 0
} { page: 1, legacyFontGlyphsApplied: undefined }
[omr-debug] processOmrPage:done:page-1 {
  label: 'processOmrPage:done:page-1',
  width: 1000,
  height: 1238,
  length: 4952000,
  bufferByteLength: 4952000,
  detached: false,
  probe: 0
} { notes: 59, systems: 9 }
[omr-debug] pipeline:page-1:after-analyze { notes: 59, systems: 9 }
[omr-trace] phase=page-1 ms=454 end { systems: 9, measures: 44, notes: 59 }
[omr-trace] phase=page-2 start
[omr-trace] pipeline:page-2:loop-start
[omr-debug] pipeline:page-2:after-pdf-render {
  label: 'pipeline:page-2:after-pdf-render',
  width: 1000,
  height: 1271,
  length: 5084000,
  bufferByteLength: 5084000,
  detached: false,
  probe: 0
} 
[omr-debug] pipeline:page-2:owned-render-buffer {
  label: 'pipeline:page-2:owned-render-buffer',
  width: 1000,
  height: 1271,
  length: 5084000,
  bufferByteLength: 5084000,
  detached: false,
  probe: 0
} 
[omr-debug] preprocess:input {
  label: 'preprocess:input',
  width: 1000,
  height: 1271,
  length: 5084000,
  bufferByteLength: 5084000,
  detached: false,
  probe: 0
} 
[omr-debug] preprocess:output {
  label: 'preprocess:output',
  width: 1000,
  height: 1271,
  length: 5084000,
  bufferByteLength: 5084000,
  detached: false,
  probe: 0
} {
  applied: [ 'despeckle' ],
  deskew: { angle: 0, confidence: 0, improvement: 0.19270476963681768 }
}
[omr-debug] pipeline:page-2:after-preprocess {
  label: 'pipeline:page-2:after-preprocess',
  width: 1000,
  height: 1271,
  length: 5084000,
  bufferByteLength: 5084000,
  detached: false,
  probe: 0
} { applied: [ 'despeckle' ] }
[omr-debug] pipeline:page-2:before-analyze {
  label: 'pipeline:page-2:before-analyze',
  width: 1000,
  height: 1271,
  length: 5084000,
  bufferByteLength: 5084000,
  detached: false,
  probe: 0
} 
[omr-debug] processOmrPage:start {
  label: 'processOmrPage:start',
  width: 1000,
  height: 1271,
  length: 5084000,
  bufferByteLength: 5084000,
  detached: false,
  probe: 0
} { page: 2, legacyFontGlyphsApplied: undefined }
[omr-debug] processOmrPage:done:page-2 {
  label: 'processOmrPage:done:page-2',
  width: 1000,
  height: 1271,
  length: 5084000,
  bufferByteLength: 5084000,
  detached: false,
  probe: 0
} { notes: 692, systems: 10 }
[omr-debug] pipeline:page-2:after-analyze { notes: 692, systems: 10 }
[omr-trace] phase=page-2 ms=527 end { systems: 10, measures: 54, notes: 692 }
[omr-trace] phase=omr-v3-confidence start
[omr-trace] phase=omr-v3-confidence ms=25 end
[omr-trace] phase=post-process start
[omr-trace] phase=post-process ms=1 end { measureCount: 43 }
[omr-trace] phase=build-musicxml start
[omr-trace] phase=build-musicxml ms=1 end
[omr-trace] phase=omr-v3-shadow start
[omr-trace] phase=omr-v3-shadow ms=24 end
[omr-trace] phase=omr-v3-independent-shadow start
[omr-trace] phase=omr-v3-independent-shadow ms=109 end
[omr-trace] pipeline:success { noteCount: 421, measureCount: 98 }
[omr-trace] pipeline:enter { preprocessPages: true }
[omr-trace] pipeline:pdf-load-start { sourceType: 'url' }
[omr-trace] phase=pdf-load start
[omr-trace] phase=pdf-load ms=0 end
[omr-trace] pipeline:pdf-load-success { totalPages: 3 }
[omr-trace] phase=page-1 start
[omr-trace] pipeline:page-1:loop-start
[omr-debug] pipeline:page-1:after-pdf-render {
  label: 'pipeline:page-1:after-pdf-render',
  width: 1000,
  height: 1415,
  length: 5660000,
  bufferByteLength: 5660000,
  detached: false,
  probe: 255
} 
[omr-debug] pipeline:page-1:owned-render-buffer {
  label: 'pipeline:page-1:owned-render-buffer',
  width: 1000,
  height: 1415,
  length: 5660000,
  bufferByteLength: 5660000,
  detached: false,
  probe: 255
} 
[omr-debug] preprocess:input {
  label: 'preprocess:input',
  width: 1000,
  height: 1415,
  length: 5660000,
  bufferByteLength: 5660000,
  detached: false,
  probe: 255
} 
[omr-debug] preprocess:skipped-zero-copy {
  label: 'preprocess:skipped-zero-copy',
  width: 1000,
  height: 1415,
  length: 5660000,
  bufferByteLength: 5660000,
  detached: false,
  probe: 255
} 
[omr-debug] pipeline:page-1:after-preprocess {
  label: 'pipeline:page-1:after-preprocess',
  width: 1000,
  height: 1415,
  length: 5660000,
  bufferByteLength: 5660000,
  detached: false,
  probe: 255
} { applied: [] }
[omr-debug] pipeline:page-1:before-analyze {
  label: 'pipeline:page-1:before-analyze',
  width: 1000,
  height: 1415,
  length: 5660000,
  bufferByteLength: 5660000,
  detached: false,
  probe: 255
} 
[omr-debug] processOmrPage:start {
  label: 'processOmrPage:start',
  width: 1000,
  height: 1415,
  length: 5660000,
  bufferByteLength: 5660000,
  detached: false,
  probe: 255
} { page: 1, legacyFontGlyphsApplied: undefined }
[omr-debug] processOmrPage:done:page-1 {
  label: 'processOmrPage:done:page-1',
  width: 1000,
  height: 1415,
  length: 5660000,
  bufferByteLength: 5660000,
  detached: false,
  probe: 255
} {
  notes: 105,
  systems: 5,
  source: 'vector-glyphs',
  legacyFontGlyphsApplied: undefined
}
[omr-debug] pipeline:page-1:after-analyze { notes: 105, systems: 5 }
[omr-trace] phase=page-1 ms=205 end { systems: 5, measures: 20, notes: 105 }
[omr-trace] phase=page-2 start
[omr-trace] pipeline:page-2:loop-start
[omr-debug] pipeline:page-2:after-pdf-render {
  label: 'pipeline:page-2:after-pdf-render',
  width: 1000,
  height: 1415,
  length: 5660000,
  bufferByteLength: 5660000,
  detached: false,
  probe: 255
} 
[omr-debug] pipeline:page-2:owned-render-buffer {
  label: 'pipeline:page-2:owned-render-buffer',
  width: 1000,
  height: 1415,
  length: 5660000,
  bufferByteLength: 5660000,
  detached: false,
  probe: 255
} 
[omr-debug] preprocess:input {
  label: 'preprocess:input',
  width: 1000,
  height: 1415,
  length: 5660000,
  bufferByteLength: 5660000,
  detached: false,
  probe: 255
} 
[omr-debug] preprocess:output {
  label: 'preprocess:output',
  width: 1000,
  height: 1415,
  length: 5660000,
  bufferByteLength: 5660000,
  detached: false,
  probe: 255
} {
  applied: [ 'despeckle' ],
  deskew: { angle: 0, confidence: 0, improvement: 0 }
}
[omr-debug] pipeline:page-2:after-preprocess {
  label: 'pipeline:page-2:after-preprocess',
  width: 1000,
  height: 1415,
  length: 5660000,
  bufferByteLength: 5660000,
  detached: false,
  probe: 255
} { applied: [ 'despeckle' ] }
[omr-debug] pipeline:page-2:before-analyze {
  label: 'pipeline:page-2:before-analyze',
  width: 1000,
  height: 1415,
  length: 5660000,
  bufferByteLength: 5660000,
  detached: false,
  probe: 255
} 
[omr-debug] processOmrPage:start {
  label: 'processOmrPage:start',
  width: 1000,
  height: 1415,
  length: 5660000,
  bufferByteLength: 5660000,
  detached: false,
  probe: 255
} { page: 2, legacyFontGlyphsApplied: undefined }
[omr-debug] processOmrPage:done:page-2 {
  label: 'processOmrPage:done:page-2',
  width: 1000,
  height: 1415,
  length: 5660000,
  bufferByteLength: 5660000,
  detached: false,
  probe: 255
} {
  notes: 228,
  systems: 5,
  source: 'vector-glyphs',
  legacyFontGlyphsApplied: undefined
}
[omr-debug] pipeline:page-2:after-analyze { notes: 228, systems: 5 }
[omr-trace] phase=page-2 ms=253 end { systems: 5, measures: 37, notes: 228 }
[omr-trace] phase=page-3 start
[omr-trace] pipeline:page-3:loop-start
[omr-debug] pipeline:page-3:after-pdf-render {
  label: 'pipeline:page-3:after-pdf-render',
  width: 1000,
  height: 1415,
  length: 5660000,
  bufferByteLength: 5660000,
  detached: false,
  probe: 255
} 
[omr-debug] pipeline:page-3:owned-render-buffer {
  label: 'pipeline:page-3:owned-render-buffer',
  width: 1000,
  height: 1415,
  length: 5660000,
  bufferByteLength: 5660000,
  detached: false,
  probe: 255
} 
[omr-debug] preprocess:input {
  label: 'preprocess:input',
  width: 1000,
  height: 1415,
  length: 5660000,
  bufferByteLength: 5660000,
  detached: false,
  probe: 255
} 
[omr-debug] preprocess:output {
  label: 'preprocess:output',
  width: 1000,
  height: 1415,
  length: 5660000,
  bufferByteLength: 5660000,
  detached: false,
  probe: 255
} {
  applied: [ 'despeckle' ],
  deskew: { angle: 0, confidence: 0, improvement: 0 }
}
[omr-debug] pipeline:page-3:after-preprocess {
  label: 'pipeline:page-3:after-preprocess',
  width: 1000,
  height: 1415,
  length: 5660000,
  bufferByteLength: 5660000,
  detached: false,
  probe: 255
} { applied: [ 'despeckle' ] }
[omr-debug] pipeline:page-3:before-analyze {
  label: 'pipeline:page-3:before-analyze',
  width: 1000,
  height: 1415,
  length: 5660000,
  bufferByteLength: 5660000,
  detached: false,
  probe: 255
} 
[omr-debug] processOmrPage:start {
  label: 'processOmrPage:start',
  width: 1000,
  height: 1415,
  length: 5660000,
  bufferByteLength: 5660000,
  detached: false,
  probe: 255
} { page: 3, legacyFontGlyphsApplied: undefined }
[omr-debug] processOmrPage:done:page-3 {
  label: 'processOmrPage:done:page-3',
  width: 1000,
  height: 1415,
  length: 5660000,
  bufferByteLength: 5660000,
  detached: false,
  probe: 255
} {
  notes: 252,
  systems: 7,
  source: 'vector-glyphs',
  legacyFontGlyphsApplied: undefined
}
[omr-debug] pipeline:page-3:after-analyze { notes: 252, systems: 7 }
[omr-trace] phase=page-3 ms=291 end { systems: 7, measures: 56, notes: 252 }
[omr-trace] phase=omr-v3-confidence start
[omr-trace] phase=omr-v3-confidence ms=37 end
[omr-trace] phase=post-process start
[omr-trace] phase=post-process ms=1 end { measureCount: 113 }
[omr-trace] phase=build-musicxml start
[omr-trace] phase=build-musicxml ms=0 end
[omr-trace] phase=omr-v3-shadow start
[omr-trace] phase=omr-v3-shadow ms=32 end
[omr-trace] phase=omr-v3-independent-shadow start
[omr-trace] phase=omr-v3-independent-shadow ms=79 end
[omr-trace] pipeline:measure-playback-report {
  firstBadMeasure: 1,
  flagged: [
    1, 2, 3, 5,
    6, 7, 8, 9
  ]
}
[omr-trace] pipeline:success { noteCount: 585, measureCount: 113 }
# OMR benchmark dashboard

Generated: 2026-07-17T04:15:00.278Z
Fixtures: 4
Overall: PASS
Largest remaining error bucket: pitch = 55 (37%)

## Status
- pass: 2
- fail: 0
- rejected: 0
- skipped: 2
- error: 0

## Fixtures

### CC0 Beginner Line Study (`pass`)
- PDF: `/Users/ryland/Documents/scoreflow/benchmarks/omr-fixtures/piano-beginner-single-vector/piano-beginner-single-vector.pdf`
- Truth: `/Users/ryland/Documents/scoreflow/benchmarks/omr-fixtures/piano-beginner-single-vector/piano-beginner-single-vector.musicxml`
- License: CC0-1.0 (piano-beginner-single-vector)
- Categories: clean-beginner-single-staff, rests-dotted-rhythms, eighth-notes, modern-vector-pdf
  pitch 25% | duration 88% | onset 84% | chord 94% | F1 97%
  measureΔ 0 | noteΔ 0 | wrongPitch 23 | wrongDuration 3 | wrongOnset 4 | chordMismatch 2
  top error category: Rhythm inference (rhythm-inference)
  top duration error category: onset-coupled (2 sampled)
  top pitch error category: ±octave (7 sampled)
  - Primary: Rhythm inference (rhythm-inference, confidence 0.871)
  - Source scores: rhythm-inference=0.871, pitch-mapping=0.7048, measure-allocation=0.2481
  - Pitch errors (23): ±octave=7, ±1-accidental=6, ±2-diatonic=6, other=4
  - Duration errors (3): onset-coupled=2, too-short=1
  - Detection: chord-grouping=2, extra-notes=1, missing-notes=1
  - Error buckets: pitch=23, accidentals=6, onset=4, duration=3, chord=2, rests=2, extra/missing-notes=2
  - Largest remaining error bucket: pitch = 23 (55%)
  Rhythm/voice attribution (V2 Phase 1):
  - pitch-grouping-symptom: 5
  - onset-phase-shift: 4
  - voice-serialization-shift: 2
  - onset-coupled-duration: 2
  - chord-grouping-symptom: 2
  - balanced-missing-extra-serialization: 2
  - chord symptom coupled share: 100%
  - missing/extra balanced: 1/1
  Written vs sounding duration (V2 Phase 3):
  - onset-coupled-duration: 2
  - written-duration-wrong: 1
  - Dominant: onset-coupled-duration (2)
  - Hotspot duration traces:
    - m7: 2 wrong durations (written-duration-wrong=1, onset-coupled-duration=1)
    - m8: 1 wrong durations (onset-coupled-duration=1)
  Tie/sustain constraints (V2 Phase 4):
  - expected-cross-measure-tie: 1
  - sounding-release-too-short: 1
  - Dominant: expected-cross-measure-tie (1)
  - Tie glyphs: detected 0, applied 0, slur-like rejected 0, unresolved 0
  Pipeline attribution: pitch-inference
  - pitch-inference: 23 (23 wrong pitch match(es))
  - onset-rhythm-inference: 7 (3 duration; 4 onset error(s))
  - symbol-detection: 2 (1 missing; 1 extra note(s))
  - voice-serialization: 2 (2 chord/voice grouping mismatch(es))
  - measure hotspots: m8 pitch-inference (13), m7 onset-rhythm-inference (10), m4 pitch-inference (8), m2 pitch-inference (7), m5 pitch-inference (7), m6 pitch-inference (7), m1 pitch-inference (6), m3 pitch-inference (6)

### Rhythm shadow solver (V2 Phase 2 — diagnostic only)

- Status: **shadow-no-qualifying-measures**
- Promoted: **no**
- Constraints: **phase-2c**
- Note: No measures passed Phase 2C preservation + truth gates — shadow identical to runtime.
- Solver: 0 accepted / 1 candidates / 1 rejected
- Shadow XML identical to runtime (no qualifying measures)
- Runtime vs shadow: wrongOnset 4 → 4 (Δ 0), wrongDuration 3 → 3 (Δ 0), chord 2 → 2 (Δ 0)
- Rejected candidates: m8:no-improvement

### Voice serialization shadow (V2 Phase 7 — diagnostic only)

- Status: **shadow-no-qualifying-measures**
- Promoted: **no**
- Constraints: **phase-7-duration-coupled**
- Note: No measures passed Phase 6 preservation + truth gates — shadow identical to runtime.
- Solver: 0 structurally applied (0 duration-coupled) / 0 truth-approved / 0 candidates
- Shadow XML identical to runtime (no qualifying measures)
- Runtime vs shadow: wrongOnset 4 → 4 (Δ 0), wrongDuration 3 → 3 (Δ 0), chord 2 → 2 (Δ 0)
  ScoreGraph IR (observation): 51 nodes, 97 edges across 8 measures; geometry bridge 100%
  IR voice budget: 0 overflow measure(s), 0 overflow event(s), 0 underfill measure(s)
  IR duration split: 0 node(s) sounding≠written; 14 tie; 0 gap-to-next
  IR ↔ runtime parity: noteheads ok, rests ok

### CC0 Grand Staff Voice Study (`pass`)
- PDF: `/Users/ryland/Documents/scoreflow/benchmarks/omr-fixtures/piano-grand-voices-vector/piano-grand-voices-vector.pdf`
- Truth: `/Users/ryland/Documents/scoreflow/benchmarks/omr-fixtures/piano-grand-voices-vector/piano-grand-voices-vector.musicxml`
- License: CC0-1.0 (piano-grand-voices-vector)
- Categories: grand-staff, chords-multiple-voices, ties-slurs-articulations, repeats-voltas, modern-vector-pdf
  pitch 63% | duration 82% | onset 98% | chord 98% | F1 99%
  measureΔ 0 | noteΔ 0 | wrongPitch 32 | wrongDuration 15 | wrongOnset 1 | chordMismatch 2
  top error category: Rhythm inference (rhythm-inference)
  top duration error category: too-long (14 sampled)
  top pitch error category: ±1-accidental (12 sampled)
  - Primary: Rhythm inference (rhythm-inference, confidence 0.848)
  - Source scores: rhythm-inference=0.8483, pitch-mapping=0.3494, measure-allocation=0.2302
  - Pitch errors (32): ±1-accidental=12, ±2-diatonic=11, other=9
  - Duration errors (15): too-long=14, too-short=1
  - Detection: chord-grouping=2, extra-notes=1, missing-notes=1
  - Error buckets: slurs=40, pitch=32, duration=15, accidentals=12, chord=2, extra/missing-notes=2, onset=1, ties=1
  - Largest remaining error bucket: slurs = 40 (38%)
  Rhythm/voice attribution (V2 Phase 1):
  - pitch-grouping-symptom: 11
  - chord-grouping-symptom: 2
  - balanced-missing-extra-serialization: 2
  - onset-phase-shift: 1
  - chord symptom coupled share: 100%
  - missing/extra balanced: 1/1
  Written vs sounding duration (V2 Phase 3):
  - written-duration-wrong: 14
  - serialization-artifact: 1
  - Dominant: written-duration-wrong (14)
  - Hotspot duration traces:
    - m1: 2 wrong durations (written-duration-wrong=2)
    - m2: 2 wrong durations (written-duration-wrong=2)
    - m3: 2 wrong durations (written-duration-wrong=2)
    - m4: 2 wrong durations (written-duration-wrong=2)
    - m5: 1 wrong durations (serialization-artifact=1)
    - m6: 2 wrong durations (written-duration-wrong=2)
    - m7: 2 wrong durations (written-duration-wrong=2)
    - m8: 2 wrong durations (written-duration-wrong=2)
  Tie/sustain constraints (V2 Phase 4):
  - written-correct-sustain-wrong: 7
  - slur-like-arc-pitch-differs: 1
  - Dominant: written-correct-sustain-wrong (7)
  - Tie glyphs: detected 1, applied 0, slur-like rejected 1, unresolved 0
  Pipeline attribution: pitch-inference
  - pitch-inference: 32 (32 wrong pitch match(es))
  - onset-rhythm-inference: 16 (15 duration; 1 onset error(s))
  - symbol-detection: 2 (1 missing; 1 extra note(s))
  - voice-serialization: 2 (2 chord/voice grouping mismatch(es))
  - measure hotspots: m5 pitch-inference (21), m6 pitch-inference (21), m7 pitch-inference (19), m8 pitch-inference (19), m3 pitch-inference (16), m2 pitch-inference (15), m4 pitch-inference (15), m1 onset-rhythm-inference (8)

### Rhythm shadow solver (V2 Phase 2 — diagnostic only)

- Status: **shadow-no-qualifying-measures**
- Promoted: **no**
- Constraints: **phase-2c**
- Note: No measures passed Phase 2C preservation + truth gates — shadow identical to runtime.
- Solver: 0 accepted / 8 candidates / 8 rejected
- Shadow XML identical to runtime (no qualifying measures)
- Runtime vs shadow: wrongOnset 1 → 1 (Δ 0), wrongDuration 15 → 15 (Δ 0), chord 2 → 2 (Δ 0)
- Rejected candidates: m1:constraints-failed, m2:constraints-failed, m3:constraints-failed, m4:constraints-failed, m5:constraints-failed, m6:constraints-failed, m7:constraints-failed, m8:constraints-failed

### Voice serialization shadow (V2 Phase 7 — diagnostic only)

- Status: **shadow-no-qualifying-measures**
- Promoted: **no**
- Constraints: **phase-7-duration-coupled**
- Note: No measures passed Phase 6 preservation + truth gates — shadow identical to runtime.
- Solver: 0 structurally applied (0 duration-coupled) / 0 truth-approved / 0 candidates
- Shadow XML identical to runtime (no qualifying measures)
- Runtime vs shadow: wrongOnset 1 → 1 (Δ 0), wrongDuration 15 → 15 (Δ 0), chord 2 → 2 (Δ 0)
  ScoreGraph IR (observation): 163 nodes, 352 edges across 8 measures; geometry bridge 100%
  IR voice budget: 0 overflow measure(s), 0 overflow event(s), 0 underfill measure(s)
  IR duration split: 0 node(s) sounding≠written; 62 tie; 0 gap-to-next
  IR ↔ runtime parity: noteheads ok, rests ok

### Twinkle, Twinkle Little Stars (1880 Library of Congress scan) (`skipped`)
- PDF: `/Users/ryland/Documents/scoreflow/benchmarks/omr-stress/twinkle-1880-loc/twinkle-1880-loc.pdf`
- License: Public-Domain (real-pd-scan-twinkle-1880)
- Categories: piano-grand-staff, historical-scan, uneven-margins, page-noise, public-domain, real-world-score
- Import observation: recognized
- Regions: 2 page(s) processed, 0 failed, 0 isolated
- Recognition: 421 note(s), 98 measure(s), confidence 62%
- Pipeline timing: 1140 ms

### Beginner piano themes workbook (local non-redistributable stress) (`skipped`)
- PDF: `/Users/ryland/Downloads/beginner-minecraft-piano-themes-in-c-minecraft.pdf`
- Categories: beginner-book-or-workbook, piano-grand-staff, sparse-layout, modern-vector-pdf, real-world-score, local-only-non-redistributable
- Import observation: recognized
- Regions: 3 page(s) processed, 0 failed, 0 isolated
- Recognition: 585 note(s), 113 measure(s), confidence 91%
- Pipeline timing: 898 ms

## Top error categories (across fixtures)
- rhythm-inference: 2

## Aggregated duration error histogram
- too-long: 14
- onset-coupled: 2
- too-short: 2

## Aggregated pitch error histogram
- ±1-accidental: 18
- ±2-diatonic: 17
- other: 13
- ±octave: 7

## Error buckets (across fixtures)
Buckets: pitch, duration, onset, chord, ties, slurs, tuplets, accidentals, rests, extra/missing notes
- pitch: 55
- slurs: 40
- accidentals: 18
- duration: 18
- onset: 5
- chord: 4
- extra/missing-notes: 4
- rests: 2
- ties: 1
- **Largest remaining error bucket: pitch = 55 (37% of counted errors)**

## Tier breakdown
- piano-clean: 1 fixture(s) (pass=1)
- piano-grand: 1 fixture(s) (pass=1)
- real-local-beginner-workbook: 1 fixture(s) (skipped=1)
- real-public-domain-piano-scan: 1 fixture(s) (skipped=1)

## V2 rollout gate
V2 rollout gate (Phase 5):
- Recommended: **voice-aware-serialization** (composite 2.65)
- Parallel prep: onset-grid-refinement
- Target ranking:
  - onset-grid-refinement: composite=4.1, status=eligible-prep
  - written-sounding-duration-solver: composite=3.25, status=blocked-premature
  - tie-sustain-constraint-solver: composite=3.2, status=blocked-premature
  - voice-aware-serialization: composite=2.65, status=recommended
  - measure-level-solver-variant: composite=1.85, status=blocked-exhausted
- Blocked:
  - written-sounding-duration-solver (blocked-premature): 0 onset-coupled duration errors cannot be fixed until onsets/voices are stable.
  - tie-sustain-constraint-solver (blocked-premature): Most sustain deficits are downstream of wrong onsets/voices, not missing tie glyphs.
  - measure-level-solver-variant (blocked-exhausted): Clef-only phase-shift family exhausted: 0 changed, 0 truth-approved on dense.

## Voice serialization qualification (Phase 6B)
**NO — zero truth-approved measures on live enforced fixtures.**
Voice serialization qualification (Phase 6b):
- Verdict: Re-run live dashboard with includeScoreGraph and truth MXL.
- Truth-approved: 0 | Structural: 0
Voice serialization qualification (Phase 6b):
- Verdict: Re-run live dashboard with includeScoreGraph and truth MXL.
- Truth-approved: 0 | Structural: 0
Voice serialization qualification (Phase 6b):
- Verdict: Re-run live dashboard with includeScoreGraph and truth MXL.
- Truth-approved: 0 | Structural: 0

