Running OMR: CC0 Beginner Line Study
Warning: UnknownErrorException: Ensure that the `standardFontDataUrl` API parameter is provided.
Warning: UnknownErrorException: Ensure that the `standardFontDataUrl` API parameter is provided.
Warning: UnknownErrorException: Ensure that the `standardFontDataUrl` API parameter is provided.
Warning: UnknownErrorException: Ensure that the `standardFontDataUrl` API parameter is provided.
Running OMR: CC0 Grand Staff Voice Study
Warning: UnknownErrorException: Ensure that the `standardFontDataUrl` API parameter is provided.
Warning: UnknownErrorException: Ensure that the `standardFontDataUrl` API parameter is provided.
Warning: UnknownErrorException: Ensure that the `standardFontDataUrl` API parameter is provided.
Warning: UnknownErrorException: Ensure that the `standardFontDataUrl` API parameter is provided.
Running OMR: Twinkle, Twinkle Little Stars (1880 Library of Congress scan)
Running OMR: Beginner piano themes workbook (local non-redistributable stress)
Warning: UnknownErrorException: Ensure that the `standardFontDataUrl` API parameter is provided.
Warning: UnknownErrorException: Ensure that the `standardFontDataUrl` API parameter is provided.
Wrote tmp/omr-v3-uniform-grid-restricted/omr-v3-shadow-report.json
Wrote tmp/omr-v3-uniform-grid-restricted/omr-v3-shadow-report.md
Wrote tmp/omr-v3-uniform-grid-restricted/duration-split-trace.json
Wrote tmp/omr-v3-uniform-grid-restricted/tie-sustain-constraint-trace.json
Wrote tmp/omr-v3-uniform-grid-restricted/rhythm-shadow-report.json
Wrote tmp/omr-v3-uniform-grid-restricted/voice-serialization-shadow-report.json
Wrote tmp/omr-v3-uniform-grid-restricted/voice-serialization-qualification.json
Wrote tmp/omr-v3-uniform-grid-restricted/omr-v2-rollout-gate.json

Wrote tmp/omr-v3-uniform-grid-restricted/report.json
Wrote tmp/omr-v3-uniform-grid-restricted/report.md
