[omr-trace] pipeline:enter { preprocessPages: true }
[omr-trace] pipeline:pdf-load-start {
  sourceType: 'url',
  cacheKey: 'url:/Users/ryland/Documents/scoreflow/benchmarks/omr-fixtures/piano-beginner-single-vector/piano-beginner-single-vector.pdf'
}
[omr-trace] phase=pdf-load start
[omr-trace] phase=pdf-load ms=0 end
[omr-trace] pipeline:pdf-load-success { totalPages: 1 }
OMR JOB START: scoreId=null generation=null pdfHash=null runId=null pageCount=1 {
  scoreId: null,
  generation: null,
  pdfHash: null,
  runId: null,
  pageCount: 1,
  totalPages: 1,
  cacheKey: 'url:/Users/ryland/Documents/scoreflow/benchmarks/omr-fixtures/piano-beginner-single-vector/piano-beginner-single-vector.pdf',
  at: 1785093909403
}
[omr-trace] phase=page-1 start
[omr-trace] pipeline:page-1:loop-start
OMR PROGRESS: scoreId=null runId=null currentPage=1 totalPages=1
[omr-debug] pipeline:page-1:after-pdf-render {
  label: 'pipeline:page-1:after-pdf-render',
  width: 1000,
  height: 1294,
  length: 5176000,
  bufferByteLength: 5176000,
  detached: false,
  probe: 255
} 
[omr-debug] pipeline:page-1:owned-render-buffer {
  label: 'pipeline:page-1:owned-render-buffer',
  width: 1000,
  height: 1294,
  length: 5176000,
  bufferByteLength: 5176000,
  detached: false,
  probe: 255
} 
OMR PROGRESS: scoreId=null runId=null currentPage=1 totalPages=1
[omr-debug] preprocess:input {
  label: 'preprocess:input',
  width: 1000,
  height: 1294,
  length: 5176000,
  bufferByteLength: 5176000,
  detached: false,
  probe: 255
} 
[omr-debug] preprocess:skipped-zero-copy {
  label: 'preprocess:skipped-zero-copy',
  width: 1000,
  height: 1294,
  length: 5176000,
  bufferByteLength: 5176000,
  detached: false,
  probe: 255
} 
[omr-debug] pipeline:page-1:after-preprocess {
  label: 'pipeline:page-1:after-preprocess',
  width: 1000,
  height: 1294,
  length: 5176000,
  bufferByteLength: 5176000,
  detached: false,
  probe: 255
} { applied: [] }
OMR PROGRESS: scoreId=null runId=null currentPage=1 totalPages=1
[omr-debug] pipeline:page-1:before-analyze {
  label: 'pipeline:page-1:before-analyze',
  width: 1000,
  height: 1294,
  length: 5176000,
  bufferByteLength: 5176000,
  detached: false,
  probe: 255
} 
[omr-debug] processOmrPage:start {
  label: 'processOmrPage:start',
  width: 1000,
  height: 1294,
  length: 5176000,
  bufferByteLength: 5176000,
  detached: false,
  probe: 255
} { page: 1, legacyFontGlyphsApplied: undefined }
[omr-debug] processOmrPage:done:page-1 {
  label: 'processOmrPage:done:page-1',
  width: 1000,
  height: 1294,
  length: 5176000,
  bufferByteLength: 5176000,
  detached: false,
  probe: 255
} {
  notes: 32,
  systems: 2,
  source: 'vector-glyphs',
  legacyFontGlyphsApplied: undefined
}
[omr-debug] pipeline:page-1:after-analyze { notes: 32, systems: 2 }
[omr-trace] phase=page-1 ms=164 end { systems: 2, measures: 8, notes: 32 }
[omr-trace] phase=omr-v3-confidence start
[omr-trace] phase=omr-v3-confidence ms=14 end
[omr-trace] phase=post-process start
[omr-trace] phase=post-process ms=1 end { measureCount: 8 }
[omr-trace] phase=build-musicxml start
[omr-trace] phase=build-musicxml ms=1 end
[omr-trace] pipeline:measure-playback-report { firstBadMeasure: 8, flagged: [ 8 ] }
[omr-trace] pipeline:success { noteCount: 32, measureCount: 8 }
[omr-trace] pipeline:enter { preprocessPages: true }
[omr-trace] pipeline:pdf-load-start {
  sourceType: 'url',
  cacheKey: 'url:/Users/ryland/Documents/scoreflow/benchmarks/omr-fixtures/piano-grand-voices-vector/piano-grand-voices-vector.pdf'
}
[omr-trace] phase=pdf-load start
[omr-trace] phase=pdf-load ms=0 end
[omr-trace] pipeline:pdf-load-success { totalPages: 1 }
OMR JOB START: scoreId=null generation=null pdfHash=null runId=null pageCount=1 {
  scoreId: null,
  generation: null,
  pdfHash: null,
  runId: null,
  pageCount: 1,
  totalPages: 1,
  cacheKey: 'url:/Users/ryland/Documents/scoreflow/benchmarks/omr-fixtures/piano-grand-voices-vector/piano-grand-voices-vector.pdf',
  at: 1785093909636
}
[omr-trace] phase=page-1 start
[omr-trace] pipeline:page-1:loop-start
OMR PROGRESS: scoreId=null runId=null currentPage=1 totalPages=1
[omr-debug] pipeline:page-1:after-pdf-render {
  label: 'pipeline:page-1:after-pdf-render',
  width: 1000,
  height: 1294,
  length: 5176000,
  bufferByteLength: 5176000,
  detached: false,
  probe: 255
} 
[omr-debug] pipeline:page-1:owned-render-buffer {
  label: 'pipeline:page-1:owned-render-buffer',
  width: 1000,
  height: 1294,
  length: 5176000,
  bufferByteLength: 5176000,
  detached: false,
  probe: 255
} 
OMR PROGRESS: scoreId=null runId=null currentPage=1 totalPages=1
[omr-debug] preprocess:input {
  label: 'preprocess:input',
  width: 1000,
  height: 1294,
  length: 5176000,
  bufferByteLength: 5176000,
  detached: false,
  probe: 255
} 
[omr-debug] preprocess:skipped-zero-copy {
  label: 'preprocess:skipped-zero-copy',
  width: 1000,
  height: 1294,
  length: 5176000,
  bufferByteLength: 5176000,
  detached: false,
  probe: 255
} 
[omr-debug] pipeline:page-1:after-preprocess {
  label: 'pipeline:page-1:after-preprocess',
  width: 1000,
  height: 1294,
  length: 5176000,
  bufferByteLength: 5176000,
  detached: false,
  probe: 255
} { applied: [] }
OMR PROGRESS: scoreId=null runId=null currentPage=1 totalPages=1
[omr-debug] pipeline:page-1:before-analyze {
  label: 'pipeline:page-1:before-analyze',
  width: 1000,
  height: 1294,
  length: 5176000,
  bufferByteLength: 5176000,
  detached: false,
  probe: 255
} 
[omr-debug] processOmrPage:start {
  label: 'processOmrPage:start',
  width: 1000,
  height: 1294,
  length: 5176000,
  bufferByteLength: 5176000,
  detached: false,
  probe: 255
} { page: 1, legacyFontGlyphsApplied: undefined }
[omr-debug] processOmrPage:done:page-1 {
  label: 'processOmrPage:done:page-1',
  width: 1000,
  height: 1294,
  length: 5176000,
  bufferByteLength: 5176000,
  detached: false,
  probe: 255
} {
  notes: 88,
  systems: 2,
  source: 'vector-glyphs',
  legacyFontGlyphsApplied: undefined
}
[omr-debug] pipeline:page-1:after-analyze { notes: 88, systems: 2 }
[omr-trace] phase=page-1 ms=141 end { systems: 2, measures: 8, notes: 88 }
[omr-trace] phase=omr-v3-confidence start
[omr-trace] phase=omr-v3-confidence ms=9 end
[omr-trace] phase=post-process start
[omr-trace] phase=post-process ms=0 end { measureCount: 8 }
[omr-trace] phase=build-musicxml start
[omr-trace] phase=build-musicxml ms=0 end
[omr-trace] pipeline:measure-playback-report {
  firstBadMeasure: 1,
  flagged: [
    1, 2, 3, 4,
    5, 6, 7, 8
  ]
}
[omr-trace] pipeline:success { noteCount: 88, measureCount: 8 }
[omr-trace] pipeline:enter { preprocessPages: true }
[omr-trace] pipeline:pdf-load-start {
  sourceType: 'url',
  cacheKey: 'url:/Users/ryland/Documents/scoreflow/benchmarks/omr-fixtures/piano-rhythm-tuplets-vector/piano-rhythm-tuplets-vector.pdf'
}
[omr-trace] phase=pdf-load start
[omr-trace] phase=pdf-load ms=0 end
[omr-trace] pipeline:pdf-load-success { totalPages: 1 }
OMR JOB START: scoreId=null generation=null pdfHash=null runId=null pageCount=1 {
  scoreId: null,
  generation: null,
  pdfHash: null,
  runId: null,
  pageCount: 1,
  totalPages: 1,
  cacheKey: 'url:/Users/ryland/Documents/scoreflow/benchmarks/omr-fixtures/piano-rhythm-tuplets-vector/piano-rhythm-tuplets-vector.pdf',
  at: 1785093909830
}
[omr-trace] phase=page-1 start
[omr-trace] pipeline:page-1:loop-start
OMR PROGRESS: scoreId=null runId=null currentPage=1 totalPages=1
[omr-debug] pipeline:page-1:after-pdf-render {
  label: 'pipeline:page-1:after-pdf-render',
  width: 1000,
  height: 1294,
  length: 5176000,
  bufferByteLength: 5176000,
  detached: false,
  probe: 255
} 
[omr-debug] pipeline:page-1:owned-render-buffer {
  label: 'pipeline:page-1:owned-render-buffer',
  width: 1000,
  height: 1294,
  length: 5176000,
  bufferByteLength: 5176000,
  detached: false,
  probe: 255
} 
OMR PROGRESS: scoreId=null runId=null currentPage=1 totalPages=1
[omr-debug] preprocess:input {
  label: 'preprocess:input',
  width: 1000,
  height: 1294,
  length: 5176000,
  bufferByteLength: 5176000,
  detached: false,
  probe: 255
} 
[omr-debug] preprocess:skipped-zero-copy {
  label: 'preprocess:skipped-zero-copy',
  width: 1000,
  height: 1294,
  length: 5176000,
  bufferByteLength: 5176000,
  detached: false,
  probe: 255
} 
[omr-debug] pipeline:page-1:after-preprocess {
  label: 'pipeline:page-1:after-preprocess',
  width: 1000,
  height: 1294,
  length: 5176000,
  bufferByteLength: 5176000,
  detached: false,
  probe: 255
} { applied: [] }
OMR PROGRESS: scoreId=null runId=null currentPage=1 totalPages=1
[omr-debug] pipeline:page-1:before-analyze {
  label: 'pipeline:page-1:before-analyze',
  width: 1000,
  height: 1294,
  length: 5176000,
  bufferByteLength: 5176000,
  detached: false,
  probe: 255
} 
[omr-debug] processOmrPage:start {
  label: 'processOmrPage:start',
  width: 1000,
  height: 1294,
  length: 5176000,
  bufferByteLength: 5176000,
  detached: false,
  probe: 255
} { page: 1, legacyFontGlyphsApplied: undefined }
[omr-debug] processOmrPage:done:page-1 {
  label: 'processOmrPage:done:page-1',
  width: 1000,
  height: 1294,
  length: 5176000,
  bufferByteLength: 5176000,
  detached: false,
  probe: 255
} {
  notes: 63,
  systems: 2,
  source: 'vector-glyphs',
  legacyFontGlyphsApplied: undefined
}
[omr-debug] pipeline:page-1:after-analyze { notes: 63, systems: 2 }
[omr-trace] phase=page-1 ms=120 end { systems: 2, measures: 8, notes: 63 }
[omr-trace] phase=omr-v3-confidence start
[omr-trace] phase=omr-v3-confidence ms=9 end
[omr-trace] phase=post-process start
[omr-trace] phase=post-process ms=0 end { measureCount: 8 }
[omr-trace] phase=build-musicxml start
[omr-trace] phase=build-musicxml ms=0 end
[omr-trace] pipeline:measure-playback-report { firstBadMeasure: 1, flagged: [ 1, 2, 3, 7, 8 ] }
[omr-trace] pipeline:success { noteCount: 63, measureCount: 8 }
[omr-trace] pipeline:enter { preprocessPages: true }
[omr-trace] pipeline:pdf-load-start {
  sourceType: 'url',
  cacheKey: 'url:/Users/ryland/Documents/scoreflow/benchmarks/omr-fixtures/piano-articulation-scan/piano-articulation-scan.pdf'
}
[omr-trace] phase=pdf-load start
[omr-trace] phase=pdf-load ms=0 end
[omr-trace] pipeline:pdf-load-success { totalPages: 1 }
OMR JOB START: scoreId=null generation=null pdfHash=null runId=null pageCount=1 {
  scoreId: null,
  generation: null,
  pdfHash: null,
  runId: null,
  pageCount: 1,
  totalPages: 1,
  cacheKey: 'url:/Users/ryland/Documents/scoreflow/benchmarks/omr-fixtures/piano-articulation-scan/piano-articulation-scan.pdf',
  at: 1785093910091
}
[omr-trace] phase=page-1 start
[omr-trace] pipeline:page-1:loop-start
OMR PROGRESS: scoreId=null runId=null currentPage=1 totalPages=1
[omr-debug] pipeline:page-1:after-pdf-render {
  label: 'pipeline:page-1:after-pdf-render',
  width: 1000,
  height: 1294,
  length: 5176000,
  bufferByteLength: 5176000,
  detached: false,
  probe: 246
} 
[omr-debug] pipeline:page-1:owned-render-buffer {
  label: 'pipeline:page-1:owned-render-buffer',
  width: 1000,
  height: 1294,
  length: 5176000,
  bufferByteLength: 5176000,
  detached: false,
  probe: 246
} 
OMR PROGRESS: scoreId=null runId=null currentPage=1 totalPages=1
[omr-debug] preprocess:input {
  label: 'preprocess:input',
  width: 1000,
  height: 1294,
  length: 5176000,
  bufferByteLength: 5176000,
  detached: false,
  probe: 246
} 
[omr-debug] preprocess:output {
  label: 'preprocess:output',
  width: 1000,
  height: 1294,
  length: 5176000,
  bufferByteLength: 5176000,
  detached: false,
  probe: 251
} {
  applied: [ 'contrast', 'background-cleanup' ],
  deskew: { angle: 0, confidence: 0, improvement: 0.6362821316418906 }
}
[omr-debug] pipeline:page-1:after-preprocess {
  label: 'pipeline:page-1:after-preprocess',
  width: 1000,
  height: 1294,
  length: 5176000,
  bufferByteLength: 5176000,
  detached: false,
  probe: 251
} { applied: [ 'contrast', 'background-cleanup' ] }
OMR PROGRESS: scoreId=null runId=null currentPage=1 totalPages=1
[omr-debug] pipeline:page-1:before-analyze {
  label: 'pipeline:page-1:before-analyze',
  width: 1000,
  height: 1294,
  length: 5176000,
  bufferByteLength: 5176000,
  detached: false,
  probe: 251
} 
[omr-debug] processOmrPage:start {
  label: 'processOmrPage:start',
  width: 1000,
  height: 1294,
  length: 5176000,
  bufferByteLength: 5176000,
  detached: false,
  probe: 251
} { page: 1, legacyFontGlyphsApplied: undefined }
[omr-debug] processOmrPage:done:page-1 {
  label: 'processOmrPage:done:page-1',
  width: 1000,
  height: 1294,
  length: 5176000,
  bufferByteLength: 5176000,
  detached: false,
  probe: 251
} { notes: 111, systems: 2 }
[omr-debug] pipeline:page-1:after-analyze { notes: 111, systems: 2 }
[omr-trace] phase=page-1 ms=505 end { systems: 2, measures: 8, notes: 111 }
[omr-trace] phase=omr-v3-confidence start
[omr-trace] phase=omr-v3-confidence ms=8 end
[omr-trace] phase=post-process start
[omr-trace] phase=post-process ms=0 end { measureCount: 8 }
[omr-trace] phase=build-musicxml start
[omr-trace] phase=build-musicxml ms=0 end
[omr-trace] pipeline:success { noteCount: 111, measureCount: 8 }
[omr-trace] pipeline:enter { preprocessPages: true }
[omr-trace] pipeline:pdf-load-start {
  sourceType: 'url',
  cacheKey: 'url:/Users/ryland/Documents/scoreflow/benchmarks/omr-fixtures/piano-dense-advanced-vector/piano-dense-advanced-vector.pdf'
}
[omr-trace] phase=pdf-load start
[omr-trace] phase=pdf-load ms=0 end
[omr-trace] pipeline:pdf-load-success { totalPages: 1 }
OMR JOB START: scoreId=null generation=null pdfHash=null runId=null pageCount=1 {
  scoreId: null,
  generation: null,
  pdfHash: null,
  runId: null,
  pageCount: 1,
  totalPages: 1,
  cacheKey: 'url:/Users/ryland/Documents/scoreflow/benchmarks/omr-fixtures/piano-dense-advanced-vector/piano-dense-advanced-vector.pdf',
  at: 1785093910654
}
[omr-trace] phase=page-1 start
[omr-trace] pipeline:page-1:loop-start
OMR PROGRESS: scoreId=null runId=null currentPage=1 totalPages=1
[omr-debug] pipeline:page-1:after-pdf-render {
  label: 'pipeline:page-1:after-pdf-render',
  width: 1000,
  height: 1294,
  length: 5176000,
  bufferByteLength: 5176000,
  detached: false,
  probe: 255
} 
[omr-debug] pipeline:page-1:owned-render-buffer {
  label: 'pipeline:page-1:owned-render-buffer',
  width: 1000,
  height: 1294,
  length: 5176000,
  bufferByteLength: 5176000,
  detached: false,
  probe: 255
} 
OMR PROGRESS: scoreId=null runId=null currentPage=1 totalPages=1
[omr-debug] preprocess:input {
  label: 'preprocess:input',
  width: 1000,
  height: 1294,
  length: 5176000,
  bufferByteLength: 5176000,
  detached: false,
  probe: 255
} 
[omr-debug] preprocess:skipped-zero-copy {
  label: 'preprocess:skipped-zero-copy',
  width: 1000,
  height: 1294,
  length: 5176000,
  bufferByteLength: 5176000,
  detached: false,
  probe: 255
} 
[omr-debug] pipeline:page-1:after-preprocess {
  label: 'pipeline:page-1:after-preprocess',
  width: 1000,
  height: 1294,
  length: 5176000,
  bufferByteLength: 5176000,
  detached: false,
  probe: 255
} { applied: [] }
OMR PROGRESS: scoreId=null runId=null currentPage=1 totalPages=1
[omr-debug] pipeline:page-1:before-analyze {
  label: 'pipeline:page-1:before-analyze',
  width: 1000,
  height: 1294,
  length: 5176000,
  bufferByteLength: 5176000,
  detached: false,
  probe: 255
} 
[omr-debug] processOmrPage:start {
  label: 'processOmrPage:start',
  width: 1000,
  height: 1294,
  length: 5176000,
  bufferByteLength: 5176000,
  detached: false,
  probe: 255
} { page: 1, legacyFontGlyphsApplied: undefined }
[omr-debug] processOmrPage:done:page-1 {
  label: 'processOmrPage:done:page-1',
  width: 1000,
  height: 1294,
  length: 5176000,
  bufferByteLength: 5176000,
  detached: false,
  probe: 255
} {
  notes: 264,
  systems: 2,
  source: 'vector-glyphs',
  legacyFontGlyphsApplied: undefined
}
[omr-debug] pipeline:page-1:after-analyze { notes: 264, systems: 2 }
[omr-trace] phase=page-1 ms=151 end { systems: 2, measures: 6, notes: 264 }
[omr-trace] phase=omr-v3-confidence start
[omr-trace] phase=omr-v3-confidence ms=15 end
[omr-trace] phase=post-process start
[omr-trace] phase=post-process ms=0 end { measureCount: 6 }
[omr-trace] phase=build-musicxml start
[omr-trace] phase=build-musicxml ms=0 end
[omr-trace] pipeline:measure-playback-report { firstBadMeasure: 2, flagged: [ 2, 3, 4, 5, 6 ] }
[omr-trace] pipeline:success { noteCount: 264, measureCount: 6 }
[omr-trace] pipeline:enter { preprocessPages: true }
[omr-trace] pipeline:pdf-load-start {
  sourceType: 'url',
  cacheKey: 'url:/Users/ryland/Documents/scoreflow/benchmarks/omr-fixtures/guitar-tab-sparse-vector/guitar-tab-sparse-vector.pdf'
}
[omr-trace] phase=pdf-load start
[omr-trace] phase=pdf-load ms=0 end
[omr-trace] pipeline:pdf-load-success { totalPages: 1 }
OMR JOB START: scoreId=null generation=null pdfHash=null runId=null pageCount=1 {
  scoreId: null,
  generation: null,
  pdfHash: null,
  runId: null,
  pageCount: 1,
  totalPages: 1,
  cacheKey: 'url:/Users/ryland/Documents/scoreflow/benchmarks/omr-fixtures/guitar-tab-sparse-vector/guitar-tab-sparse-vector.pdf',
  at: 1785093910871
}
[omr-trace] phase=page-1 start
[omr-trace] pipeline:page-1:loop-start
OMR PROGRESS: scoreId=null runId=null currentPage=1 totalPages=1
[omr-debug] pipeline:page-1:after-pdf-render {
  label: 'pipeline:page-1:after-pdf-render',
  width: 1000,
  height: 1294,
  length: 5176000,
  bufferByteLength: 5176000,
  detached: false,
  probe: 255
} 
[omr-debug] pipeline:page-1:owned-render-buffer {
  label: 'pipeline:page-1:owned-render-buffer',
  width: 1000,
  height: 1294,
  length: 5176000,
  bufferByteLength: 5176000,
  detached: false,
  probe: 255
} 
OMR PROGRESS: scoreId=null runId=null currentPage=1 totalPages=1
[omr-debug] preprocess:input {
  label: 'preprocess:input',
  width: 1000,
  height: 1294,
  length: 5176000,
  bufferByteLength: 5176000,
  detached: false,
  probe: 255
} 
[omr-debug] preprocess:skipped-zero-copy {
  label: 'preprocess:skipped-zero-copy',
  width: 1000,
  height: 1294,
  length: 5176000,
  bufferByteLength: 5176000,
  detached: false,
  probe: 255
} 
[omr-debug] pipeline:page-1:after-preprocess {
  label: 'pipeline:page-1:after-preprocess',
  width: 1000,
  height: 1294,
  length: 5176000,
  bufferByteLength: 5176000,
  detached: false,
  probe: 255
} { applied: [] }
OMR PROGRESS: scoreId=null runId=null currentPage=1 totalPages=1
[omr-debug] pipeline:page-1:before-analyze {
  label: 'pipeline:page-1:before-analyze',
  width: 1000,
  height: 1294,
  length: 5176000,
  bufferByteLength: 5176000,
  detached: false,
  probe: 255
} 
[omr-debug] processOmrPage:start {
  label: 'processOmrPage:start',
  width: 1000,
  height: 1294,
  length: 5176000,
  bufferByteLength: 5176000,
  detached: false,
  probe: 255
} { page: 1, legacyFontGlyphsApplied: undefined }
[omr-debug] processOmrPage:done:page-1 {
  label: 'processOmrPage:done:page-1',
  width: 1000,
  height: 1294,
  length: 5176000,
  bufferByteLength: 5176000,
  detached: false,
  probe: 255
} { notes: 40, systems: 2, source: 'tab-vector' }
[omr-debug] pipeline:page-1:after-analyze { notes: 40, systems: 2 }
[omr-trace] phase=page-1 ms=122 end { systems: 2, measures: 8, notes: 40 }
[omr-trace] phase=omr-v3-confidence start
[omr-trace] phase=omr-v3-confidence ms=5 end
[omr-trace] phase=post-process start
[omr-trace] phase=post-process ms=0 end { measureCount: 8 }
[omr-trace] phase=build-musicxml start
[omr-trace] phase=build-musicxml ms=0 end
[omr-trace] pipeline:success { noteCount: 40, measureCount: 8 }
[omr-trace] pipeline:enter { preprocessPages: true }
[omr-trace] pipeline:pdf-load-start {
  sourceType: 'url',
  cacheKey: 'url:/Users/ryland/Documents/scoreflow/benchmarks/omr-fixtures/guitar-standard-chords-vector/guitar-standard-chords-vector.pdf'
}
[omr-trace] phase=pdf-load start
[omr-trace] phase=pdf-load ms=0 end
[omr-trace] pipeline:pdf-load-success { totalPages: 1 }
OMR JOB START: scoreId=null generation=null pdfHash=null runId=null pageCount=1 {
  scoreId: null,
  generation: null,
  pdfHash: null,
  runId: null,
  pageCount: 1,
  totalPages: 1,
  cacheKey: 'url:/Users/ryland/Documents/scoreflow/benchmarks/omr-fixtures/guitar-standard-chords-vector/guitar-standard-chords-vector.pdf',
  at: 1785093911028
}
[omr-trace] phase=page-1 start
[omr-trace] pipeline:page-1:loop-start
OMR PROGRESS: scoreId=null runId=null currentPage=1 totalPages=1
[omr-debug] pipeline:page-1:after-pdf-render {
  label: 'pipeline:page-1:after-pdf-render',
  width: 1000,
  height: 1294,
  length: 5176000,
  bufferByteLength: 5176000,
  detached: false,
  probe: 255
} 
[omr-debug] pipeline:page-1:owned-render-buffer {
  label: 'pipeline:page-1:owned-render-buffer',
  width: 1000,
  height: 1294,
  length: 5176000,
  bufferByteLength: 5176000,
  detached: false,
  probe: 255
} 
OMR PROGRESS: scoreId=null runId=null currentPage=1 totalPages=1
[omr-debug] preprocess:input {
  label: 'preprocess:input',
  width: 1000,
  height: 1294,
  length: 5176000,
  bufferByteLength: 5176000,
  detached: false,
  probe: 255
} 
[omr-debug] preprocess:skipped-zero-copy {
  label: 'preprocess:skipped-zero-copy',
  width: 1000,
  height: 1294,
  length: 5176000,
  bufferByteLength: 5176000,
  detached: false,
  probe: 255
} 
[omr-debug] pipeline:page-1:after-preprocess {
  label: 'pipeline:page-1:after-preprocess',
  width: 1000,
  height: 1294,
  length: 5176000,
  bufferByteLength: 5176000,
  detached: false,
  probe: 255
} { applied: [] }
OMR PROGRESS: scoreId=null runId=null currentPage=1 totalPages=1
[omr-debug] pipeline:page-1:before-analyze {
  label: 'pipeline:page-1:before-analyze',
  width: 1000,
  height: 1294,
  length: 5176000,
  bufferByteLength: 5176000,
  detached: false,
  probe: 255
} 
[omr-debug] processOmrPage:start {
  label: 'processOmrPage:start',
  width: 1000,
  height: 1294,
  length: 5176000,
  bufferByteLength: 5176000,
  detached: false,
  probe: 255
} { page: 1, legacyFontGlyphsApplied: undefined }
[omr-debug] processOmrPage:done:page-1 {
  label: 'processOmrPage:done:page-1',
  width: 1000,
  height: 1294,
  length: 5176000,
  bufferByteLength: 5176000,
  detached: false,
  probe: 255
} {
  notes: 86,
  systems: 4,
  source: 'vector-glyphs',
  legacyFontGlyphsApplied: undefined
}
[omr-debug] pipeline:page-1:after-analyze { notes: 86, systems: 4 }
[omr-trace] phase=page-1 ms=154 end { systems: 4, measures: 16, notes: 86 }
[omr-trace] phase=omr-v3-confidence start
[omr-trace] phase=omr-v3-confidence ms=7 end
[omr-trace] phase=post-process start
[omr-trace] phase=post-process ms=0 end { measureCount: 16 }
[omr-trace] phase=build-musicxml start
[omr-trace] phase=build-musicxml ms=0 end
[omr-trace] pipeline:measure-playback-report { firstBadMeasure: 1, flagged: [ 1, 2, 3, 4, 5 ] }
[omr-trace] pipeline:success { noteCount: 86, measureCount: 16 }
[omr-trace] pipeline:enter { preprocessPages: true }
[omr-trace] pipeline:pdf-load-start {
  sourceType: 'url',
  cacheKey: 'url:/Users/ryland/Documents/scoreflow/benchmarks/omr-fixtures/guitar-paired-chords-vector/guitar-paired-chords-vector.pdf'
}
[omr-trace] phase=pdf-load start
[omr-trace] phase=pdf-load ms=0 end
[omr-trace] pipeline:pdf-load-success { totalPages: 1 }
OMR JOB START: scoreId=null generation=null pdfHash=null runId=null pageCount=1 {
  scoreId: null,
  generation: null,
  pdfHash: null,
  runId: null,
  pageCount: 1,
  totalPages: 1,
  cacheKey: 'url:/Users/ryland/Documents/scoreflow/benchmarks/omr-fixtures/guitar-paired-chords-vector/guitar-paired-chords-vector.pdf',
  at: 1785093911227
}
[omr-trace] phase=page-1 start
[omr-trace] pipeline:page-1:loop-start
OMR PROGRESS: scoreId=null runId=null currentPage=1 totalPages=1
[omr-debug] pipeline:page-1:after-pdf-render {
  label: 'pipeline:page-1:after-pdf-render',
  width: 1000,
  height: 1294,
  length: 5176000,
  bufferByteLength: 5176000,
  detached: false,
  probe: 255
} 
[omr-debug] pipeline:page-1:owned-render-buffer {
  label: 'pipeline:page-1:owned-render-buffer',
  width: 1000,
  height: 1294,
  length: 5176000,
  bufferByteLength: 5176000,
  detached: false,
  probe: 255
} 
OMR PROGRESS: scoreId=null runId=null currentPage=1 totalPages=1
[omr-debug] preprocess:input {
  label: 'preprocess:input',
  width: 1000,
  height: 1294,
  length: 5176000,
  bufferByteLength: 5176000,
  detached: false,
  probe: 255
} 
[omr-debug] preprocess:skipped-zero-copy {
  label: 'preprocess:skipped-zero-copy',
  width: 1000,
  height: 1294,
  length: 5176000,
  bufferByteLength: 5176000,
  detached: false,
  probe: 255
} 
[omr-debug] pipeline:page-1:after-preprocess {
  label: 'pipeline:page-1:after-preprocess',
  width: 1000,
  height: 1294,
  length: 5176000,
  bufferByteLength: 5176000,
  detached: false,
  probe: 255
} { applied: [] }
OMR PROGRESS: scoreId=null runId=null currentPage=1 totalPages=1
[omr-debug] pipeline:page-1:before-analyze {
  label: 'pipeline:page-1:before-analyze',
  width: 1000,
  height: 1294,
  length: 5176000,
  bufferByteLength: 5176000,
  detached: false,
  probe: 255
} 
[omr-debug] processOmrPage:start {
  label: 'processOmrPage:start',
  width: 1000,
  height: 1294,
  length: 5176000,
  bufferByteLength: 5176000,
  detached: false,
  probe: 255
} { page: 1, legacyFontGlyphsApplied: undefined }
[omr-debug] processOmrPage:done:page-1 {
  label: 'processOmrPage:done:page-1',
  width: 1000,
  height: 1294,
  length: 5176000,
  bufferByteLength: 5176000,
  detached: false,
  probe: 255
} {
  notes: 103,
  systems: 4,
  source: 'vector-glyphs',
  legacyFontGlyphsApplied: undefined
}
[omr-debug] pipeline:page-1:after-analyze { notes: 103, systems: 4 }
[omr-trace] phase=page-1 ms=136 end { systems: 4, measures: 10, notes: 103 }
[omr-trace] phase=omr-v3-confidence start
[omr-trace] phase=omr-v3-confidence ms=11 end
[omr-trace] phase=post-process start
[omr-trace] phase=post-process ms=0 end { measureCount: 10 }
[omr-trace] phase=build-musicxml start
[omr-trace] phase=build-musicxml ms=0 end
[omr-trace] pipeline:measure-playback-report { firstBadMeasure: 1, flagged: [ 1 ] }
[omr-trace] pipeline:success { noteCount: 103, measureCount: 10 }
[omr-trace] pipeline:enter { preprocessPages: true }
[omr-trace] pipeline:pdf-load-start {
  sourceType: 'url',
  cacheKey: 'url:/Users/ryland/Documents/scoreflow/benchmarks/omr-fixtures/guitar-techniques-paired-vector/guitar-techniques-paired-vector.pdf'
}
[omr-trace] phase=pdf-load start
[omr-trace] phase=pdf-load ms=0 end
[omr-trace] pipeline:pdf-load-success { totalPages: 1 }
OMR JOB START: scoreId=null generation=null pdfHash=null runId=null pageCount=1 {
  scoreId: null,
  generation: null,
  pdfHash: null,
  runId: null,
  pageCount: 1,
  totalPages: 1,
  cacheKey: 'url:/Users/ryland/Documents/scoreflow/benchmarks/omr-fixtures/guitar-techniques-paired-vector/guitar-techniques-paired-vector.pdf',
  at: 1785093911409
}
[omr-trace] phase=page-1 start
[omr-trace] pipeline:page-1:loop-start
OMR PROGRESS: scoreId=null runId=null currentPage=1 totalPages=1
[omr-debug] pipeline:page-1:after-pdf-render {
  label: 'pipeline:page-1:after-pdf-render',
  width: 1000,
  height: 1294,
  length: 5176000,
  bufferByteLength: 5176000,
  detached: false,
  probe: 255
} 
[omr-debug] pipeline:page-1:owned-render-buffer {
  label: 'pipeline:page-1:owned-render-buffer',
  width: 1000,
  height: 1294,
  length: 5176000,
  bufferByteLength: 5176000,
  detached: false,
  probe: 255
} 
OMR PROGRESS: scoreId=null runId=null currentPage=1 totalPages=1
[omr-debug] preprocess:input {
  label: 'preprocess:input',
  width: 1000,
  height: 1294,
  length: 5176000,
  bufferByteLength: 5176000,
  detached: false,
  probe: 255
} 
[omr-debug] preprocess:skipped-zero-copy {
  label: 'preprocess:skipped-zero-copy',
  width: 1000,
  height: 1294,
  length: 5176000,
  bufferByteLength: 5176000,
  detached: false,
  probe: 255
} 
[omr-debug] pipeline:page-1:after-preprocess {
  label: 'pipeline:page-1:after-preprocess',
  width: 1000,
  height: 1294,
  length: 5176000,
  bufferByteLength: 5176000,
  detached: false,
  probe: 255
} { applied: [] }
OMR PROGRESS: scoreId=null runId=null currentPage=1 totalPages=1
[omr-debug] pipeline:page-1:before-analyze {
  label: 'pipeline:page-1:before-analyze',
  width: 1000,
  height: 1294,
  length: 5176000,
  bufferByteLength: 5176000,
  detached: false,
  probe: 255
} 
[omr-debug] processOmrPage:start {
  label: 'processOmrPage:start',
  width: 1000,
  height: 1294,
  length: 5176000,
  bufferByteLength: 5176000,
  detached: false,
  probe: 255
} { page: 1, legacyFontGlyphsApplied: undefined }
[omr-debug] processOmrPage:done:page-1 {
  label: 'processOmrPage:done:page-1',
  width: 1000,
  height: 1294,
  length: 5176000,
  bufferByteLength: 5176000,
  detached: false,
  probe: 255
} {
  notes: 32,
  systems: 4,
  source: 'vector-glyphs',
  legacyFontGlyphsApplied: undefined
}
[omr-debug] pipeline:page-1:after-analyze { notes: 32, systems: 4 }
[omr-trace] phase=page-1 ms=141 end { systems: 4, measures: 12, notes: 32 }
[omr-trace] phase=omr-v3-confidence start
[omr-trace] phase=omr-v3-confidence ms=5 end
[omr-trace] phase=post-process start
[omr-trace] phase=post-process ms=0 end { measureCount: 12 }
[omr-trace] phase=build-musicxml start
[omr-trace] phase=build-musicxml ms=0 end
[omr-trace] pipeline:success { noteCount: 32, measureCount: 12 }
OMR semantic corpus — baseline
==============================
label: guitar-pitch-sprint-1-after
mode: written
evaluator: frozen 2.0.0 / schema 2
git: 15aa1db
createdAt: 2026-07-26T19:25:11.578Z
fixtures: 9/9 ok

Scoreboard (mean across fixtures)
- overall: 60.0%
- pitch: 58.4%
- rhythm: 65.2%
- sustain: 46.7%
- articulation: 83.9%
- measureStructure: 66.1%
- interpretation: 0.0%

Top recurring recognition errors
- duration-mismatch [rhythm] ×266 across 9 fixtures
- incorrect-chord [measure-structure] ×217 across 7 fixtures
- missing-note [pitch] ×216 across 8 fixtures
- extra-note [pitch] ×205 across 9 fixtures
- onset-mismatch [rhythm] ×189 across 8 fixtures
- incorrect-pitch [pitch] ×172 across 6 fixtures
- missing-staccato [articulation] ×41 across 1 fixtures
- missing-accent [articulation] ×37 across 2 fixtures
- split-measure [measure-structure] ×11 across 3 fixtures
- repeat-mismatch [interpretation] ×8 across 4 fixtures
- tempo-mismatch [interpretation] ×8 across 8 fixtures
- missing-tie [sustain] ×6 across 4 fixtures
- volta-mismatch [interpretation] ×6 across 3 fixtures
- incorrect-tie [sustain] ×5 across 2 fixtures
- missing-rest [rhythm] ×4 across 2 fixtures

Per-fixture summary
- piano-beginner-single-vector: overall=82.6% R=84% P=94% S=100% A=100% M=100% I=0%
  worst measures: #8(onset-mismatch|onset-mismatch|duration-mismatch), #7(missing-rest|missing-note|extra-note), #1(tempo-mismatch)
- piano-grand-voices-vector: overall=59.9% R=82% P=62% S=0% A=100% M=75% I=0%
  worst measures: #5(missing-note|extra-note|onset-mismatch), #6(incorrect-pitch|duration-mismatch|duration-mismatch), #7(incorrect-pitch|duration-mismatch|duration-mismatch)
- piano-rhythm-tuplets-vector: overall=64.7% R=68% P=91% S=0% A=100% M=94% I=0%
  worst measures: #2(duration-mismatch|onset-mismatch|onset-mismatch), #7(missing-note|missing-note|extra-note), #4(missing-rest|missing-rest|extra-rest)
- piano-articulation-scan: overall=40.6% R=72% P=29% S=20% A=13% M=50% I=0%
  worst measures: #7(extra-note|extra-note|extra-note), #6(extra-note|extra-note|extra-note), #4(missing-note|extra-note|extra-note)
- piano-dense-advanced-vector: overall=47.3% R=43% P=27% S=100% A=42% M=20% I=0%
  worst measures: #2(merged-measure|missing-note|missing-note), #6(merged-measure|missing-note|missing-note), #4(missing-note|extra-note|duration-mismatch)
- guitar-tab-sparse-vector: overall=68.5% R=17% P=70% S=100% A=100% M=92% I=0%
  worst measures: #1(extra-note|duration-mismatch|onset-mismatch), #8(extra-note|duration-mismatch|duration-mismatch), #7(extra-note|duration-mismatch|duration-mismatch)
- guitar-standard-chords-vector: overall=44.6% R=47% P=27% S=0% A=100% M=38% I=0%
  worst measures: #8(split-measure|missing-note|missing-note), #4(split-measure|missing-note|missing-note), #5(split-measure|missing-note|missing-note)
- guitar-paired-chords-vector: overall=67.9% R=81% P=48% S=100% A=100% M=46% I=0%
  worst measures: #6(split-measure|missing-note|missing-note), #1(extra-note|extra-note|extra-note), #7(split-measure|missing-note|missing-note)
- guitar-techniques-paired-vector: overall=64.4% R=93% P=78% S=0% A=100% M=80% I=0%
  worst measures: #2(split-measure|missing-note|extra-note), #3(split-measure|missing-note|extra-note), #6(split-measure|missing-note|extra-note)
