[omr-trace] pipeline:enter { preprocessPages: true }
[omr-trace] pipeline:pdf-load-start {
  sourceType: 'url',
  cacheKey: 'url:/Users/ryland/Documents/scoreflow/benchmarks/omr-fixtures/guitar-tab-sparse-vector/guitar-tab-sparse-vector.pdf'
}
[omr-trace] phase=pdf-load start
[omr-trace] phase=pdf-load ms=0 end
[omr-trace] pipeline:pdf-load-success { totalPages: 1 }
OMR JOB START: scoreId=null generation=null pdfHash=null runId=null pageCount=1 {
  scoreId: null,
  generation: null,
  pdfHash: null,
  runId: null,
  pageCount: 1,
  totalPages: 1,
  cacheKey: 'url:/Users/ryland/Documents/scoreflow/benchmarks/omr-fixtures/guitar-tab-sparse-vector/guitar-tab-sparse-vector.pdf',
  at: 1785093904705
}
[omr-trace] phase=page-1 start
[omr-trace] pipeline:page-1:loop-start
OMR PROGRESS: scoreId=null runId=null currentPage=1 totalPages=1
[omr-debug] pipeline:page-1:after-pdf-render {
  label: 'pipeline:page-1:after-pdf-render',
  width: 1000,
  height: 1294,
  length: 5176000,
  bufferByteLength: 5176000,
  detached: false,
  probe: 255
} 
[omr-debug] pipeline:page-1:owned-render-buffer {
  label: 'pipeline:page-1:owned-render-buffer',
  width: 1000,
  height: 1294,
  length: 5176000,
  bufferByteLength: 5176000,
  detached: false,
  probe: 255
} 
OMR PROGRESS: scoreId=null runId=null currentPage=1 totalPages=1
[omr-debug] preprocess:input {
  label: 'preprocess:input',
  width: 1000,
  height: 1294,
  length: 5176000,
  bufferByteLength: 5176000,
  detached: false,
  probe: 255
} 
[omr-debug] preprocess:skipped-zero-copy {
  label: 'preprocess:skipped-zero-copy',
  width: 1000,
  height: 1294,
  length: 5176000,
  bufferByteLength: 5176000,
  detached: false,
  probe: 255
} 
[omr-debug] pipeline:page-1:after-preprocess {
  label: 'pipeline:page-1:after-preprocess',
  width: 1000,
  height: 1294,
  length: 5176000,
  bufferByteLength: 5176000,
  detached: false,
  probe: 255
} { applied: [] }
OMR PROGRESS: scoreId=null runId=null currentPage=1 totalPages=1
[omr-debug] pipeline:page-1:before-analyze {
  label: 'pipeline:page-1:before-analyze',
  width: 1000,
  height: 1294,
  length: 5176000,
  bufferByteLength: 5176000,
  detached: false,
  probe: 255
} 
[omr-debug] processOmrPage:start {
  label: 'processOmrPage:start',
  width: 1000,
  height: 1294,
  length: 5176000,
  bufferByteLength: 5176000,
  detached: false,
  probe: 255
} { page: 1, legacyFontGlyphsApplied: undefined }
[omr-debug] processOmrPage:done:page-1 {
  label: 'processOmrPage:done:page-1',
  width: 1000,
  height: 1294,
  length: 5176000,
  bufferByteLength: 5176000,
  detached: false,
  probe: 255
} { notes: 40, systems: 2, source: 'tab-vector' }
[omr-debug] pipeline:page-1:after-analyze { notes: 40, systems: 2 }
[omr-trace] phase=page-1 ms=152 end { systems: 2, measures: 8, notes: 40 }
[omr-trace] phase=omr-v3-confidence start
[omr-trace] phase=omr-v3-confidence ms=24 end
[omr-trace] phase=post-process start
[omr-trace] phase=post-process ms=1 end { measureCount: 8 }
[omr-trace] phase=build-musicxml start
[omr-trace] phase=build-musicxml ms=1 end
[omr-trace] pipeline:success { noteCount: 40, measureCount: 8 }
[omr-trace] pipeline:enter { preprocessPages: true }
[omr-trace] pipeline:pdf-load-start {
  sourceType: 'url',
  cacheKey: 'url:/Users/ryland/Documents/scoreflow/benchmarks/omr-fixtures/guitar-standard-chords-vector/guitar-standard-chords-vector.pdf'
}
[omr-trace] phase=pdf-load start
[omr-trace] phase=pdf-load ms=0 end
[omr-trace] pipeline:pdf-load-success { totalPages: 1 }
OMR JOB START: scoreId=null generation=null pdfHash=null runId=null pageCount=1 {
  scoreId: null,
  generation: null,
  pdfHash: null,
  runId: null,
  pageCount: 1,
  totalPages: 1,
  cacheKey: 'url:/Users/ryland/Documents/scoreflow/benchmarks/omr-fixtures/guitar-standard-chords-vector/guitar-standard-chords-vector.pdf',
  at: 1785093904942
}
[omr-trace] phase=page-1 start
[omr-trace] pipeline:page-1:loop-start
OMR PROGRESS: scoreId=null runId=null currentPage=1 totalPages=1
[omr-debug] pipeline:page-1:after-pdf-render {
  label: 'pipeline:page-1:after-pdf-render',
  width: 1000,
  height: 1294,
  length: 5176000,
  bufferByteLength: 5176000,
  detached: false,
  probe: 255
} 
[omr-debug] pipeline:page-1:owned-render-buffer {
  label: 'pipeline:page-1:owned-render-buffer',
  width: 1000,
  height: 1294,
  length: 5176000,
  bufferByteLength: 5176000,
  detached: false,
  probe: 255
} 
OMR PROGRESS: scoreId=null runId=null currentPage=1 totalPages=1
[omr-debug] preprocess:input {
  label: 'preprocess:input',
  width: 1000,
  height: 1294,
  length: 5176000,
  bufferByteLength: 5176000,
  detached: false,
  probe: 255
} 
[omr-debug] preprocess:skipped-zero-copy {
  label: 'preprocess:skipped-zero-copy',
  width: 1000,
  height: 1294,
  length: 5176000,
  bufferByteLength: 5176000,
  detached: false,
  probe: 255
} 
[omr-debug] pipeline:page-1:after-preprocess {
  label: 'pipeline:page-1:after-preprocess',
  width: 1000,
  height: 1294,
  length: 5176000,
  bufferByteLength: 5176000,
  detached: false,
  probe: 255
} { applied: [] }
OMR PROGRESS: scoreId=null runId=null currentPage=1 totalPages=1
[omr-debug] pipeline:page-1:before-analyze {
  label: 'pipeline:page-1:before-analyze',
  width: 1000,
  height: 1294,
  length: 5176000,
  bufferByteLength: 5176000,
  detached: false,
  probe: 255
} 
[omr-debug] processOmrPage:start {
  label: 'processOmrPage:start',
  width: 1000,
  height: 1294,
  length: 5176000,
  bufferByteLength: 5176000,
  detached: false,
  probe: 255
} { page: 1, legacyFontGlyphsApplied: undefined }
[omr-debug] processOmrPage:done:page-1 {
  label: 'processOmrPage:done:page-1',
  width: 1000,
  height: 1294,
  length: 5176000,
  bufferByteLength: 5176000,
  detached: false,
  probe: 255
} {
  notes: 86,
  systems: 4,
  source: 'vector-glyphs',
  legacyFontGlyphsApplied: undefined
}
[omr-debug] pipeline:page-1:after-analyze { notes: 86, systems: 4 }
[omr-trace] phase=page-1 ms=174 end { systems: 4, measures: 16, notes: 86 }
[omr-trace] phase=omr-v3-confidence start
[omr-trace] phase=omr-v3-confidence ms=8 end
[omr-trace] phase=post-process start
[omr-trace] phase=post-process ms=0 end { measureCount: 16 }
[omr-trace] phase=build-musicxml start
[omr-trace] phase=build-musicxml ms=0 end
[omr-trace] pipeline:measure-playback-report { firstBadMeasure: 1, flagged: [ 1, 2, 3, 4, 5 ] }
[omr-trace] pipeline:success { noteCount: 86, measureCount: 16 }
[omr-trace] pipeline:enter { preprocessPages: true }
[omr-trace] pipeline:pdf-load-start {
  sourceType: 'url',
  cacheKey: 'url:/Users/ryland/Documents/scoreflow/benchmarks/omr-fixtures/guitar-paired-chords-vector/guitar-paired-chords-vector.pdf'
}
[omr-trace] phase=pdf-load start
[omr-trace] phase=pdf-load ms=0 end
[omr-trace] pipeline:pdf-load-success { totalPages: 1 }
OMR JOB START: scoreId=null generation=null pdfHash=null runId=null pageCount=1 {
  scoreId: null,
  generation: null,
  pdfHash: null,
  runId: null,
  pageCount: 1,
  totalPages: 1,
  cacheKey: 'url:/Users/ryland/Documents/scoreflow/benchmarks/omr-fixtures/guitar-paired-chords-vector/guitar-paired-chords-vector.pdf',
  at: 1785093905175
}
[omr-trace] phase=page-1 start
[omr-trace] pipeline:page-1:loop-start
OMR PROGRESS: scoreId=null runId=null currentPage=1 totalPages=1
[omr-debug] pipeline:page-1:after-pdf-render {
  label: 'pipeline:page-1:after-pdf-render',
  width: 1000,
  height: 1294,
  length: 5176000,
  bufferByteLength: 5176000,
  detached: false,
  probe: 255
} 
[omr-debug] pipeline:page-1:owned-render-buffer {
  label: 'pipeline:page-1:owned-render-buffer',
  width: 1000,
  height: 1294,
  length: 5176000,
  bufferByteLength: 5176000,
  detached: false,
  probe: 255
} 
OMR PROGRESS: scoreId=null runId=null currentPage=1 totalPages=1
[omr-debug] preprocess:input {
  label: 'preprocess:input',
  width: 1000,
  height: 1294,
  length: 5176000,
  bufferByteLength: 5176000,
  detached: false,
  probe: 255
} 
[omr-debug] preprocess:skipped-zero-copy {
  label: 'preprocess:skipped-zero-copy',
  width: 1000,
  height: 1294,
  length: 5176000,
  bufferByteLength: 5176000,
  detached: false,
  probe: 255
} 
[omr-debug] pipeline:page-1:after-preprocess {
  label: 'pipeline:page-1:after-preprocess',
  width: 1000,
  height: 1294,
  length: 5176000,
  bufferByteLength: 5176000,
  detached: false,
  probe: 255
} { applied: [] }
OMR PROGRESS: scoreId=null runId=null currentPage=1 totalPages=1
[omr-debug] pipeline:page-1:before-analyze {
  label: 'pipeline:page-1:before-analyze',
  width: 1000,
  height: 1294,
  length: 5176000,
  bufferByteLength: 5176000,
  detached: false,
  probe: 255
} 
[omr-debug] processOmrPage:start {
  label: 'processOmrPage:start',
  width: 1000,
  height: 1294,
  length: 5176000,
  bufferByteLength: 5176000,
  detached: false,
  probe: 255
} { page: 1, legacyFontGlyphsApplied: undefined }
[omr-debug] processOmrPage:done:page-1 {
  label: 'processOmrPage:done:page-1',
  width: 1000,
  height: 1294,
  length: 5176000,
  bufferByteLength: 5176000,
  detached: false,
  probe: 255
} {
  notes: 103,
  systems: 4,
  source: 'vector-glyphs',
  legacyFontGlyphsApplied: undefined
}
[omr-debug] pipeline:page-1:after-analyze { notes: 103, systems: 4 }
[omr-trace] phase=page-1 ms=141 end { systems: 4, measures: 10, notes: 103 }
[omr-trace] phase=omr-v3-confidence start
[omr-trace] phase=omr-v3-confidence ms=12 end
[omr-trace] phase=post-process start
[omr-trace] phase=post-process ms=0 end { measureCount: 10 }
[omr-trace] phase=build-musicxml start
[omr-trace] phase=build-musicxml ms=0 end
[omr-trace] pipeline:measure-playback-report { firstBadMeasure: 1, flagged: [ 1 ] }
[omr-trace] pipeline:success { noteCount: 103, measureCount: 10 }
[omr-trace] pipeline:enter { preprocessPages: true }
[omr-trace] pipeline:pdf-load-start {
  sourceType: 'url',
  cacheKey: 'url:/Users/ryland/Documents/scoreflow/benchmarks/omr-fixtures/guitar-techniques-paired-vector/guitar-techniques-paired-vector.pdf'
}
[omr-trace] phase=pdf-load start
[omr-trace] phase=pdf-load ms=0 end
[omr-trace] pipeline:pdf-load-success { totalPages: 1 }
OMR JOB START: scoreId=null generation=null pdfHash=null runId=null pageCount=1 {
  scoreId: null,
  generation: null,
  pdfHash: null,
  runId: null,
  pageCount: 1,
  totalPages: 1,
  cacheKey: 'url:/Users/ryland/Documents/scoreflow/benchmarks/omr-fixtures/guitar-techniques-paired-vector/guitar-techniques-paired-vector.pdf',
  at: 1785093905373
}
[omr-trace] phase=page-1 start
[omr-trace] pipeline:page-1:loop-start
OMR PROGRESS: scoreId=null runId=null currentPage=1 totalPages=1
[omr-debug] pipeline:page-1:after-pdf-render {
  label: 'pipeline:page-1:after-pdf-render',
  width: 1000,
  height: 1294,
  length: 5176000,
  bufferByteLength: 5176000,
  detached: false,
  probe: 255
} 
[omr-debug] pipeline:page-1:owned-render-buffer {
  label: 'pipeline:page-1:owned-render-buffer',
  width: 1000,
  height: 1294,
  length: 5176000,
  bufferByteLength: 5176000,
  detached: false,
  probe: 255
} 
OMR PROGRESS: scoreId=null runId=null currentPage=1 totalPages=1
[omr-debug] preprocess:input {
  label: 'preprocess:input',
  width: 1000,
  height: 1294,
  length: 5176000,
  bufferByteLength: 5176000,
  detached: false,
  probe: 255
} 
[omr-debug] preprocess:skipped-zero-copy {
  label: 'preprocess:skipped-zero-copy',
  width: 1000,
  height: 1294,
  length: 5176000,
  bufferByteLength: 5176000,
  detached: false,
  probe: 255
} 
[omr-debug] pipeline:page-1:after-preprocess {
  label: 'pipeline:page-1:after-preprocess',
  width: 1000,
  height: 1294,
  length: 5176000,
  bufferByteLength: 5176000,
  detached: false,
  probe: 255
} { applied: [] }
OMR PROGRESS: scoreId=null runId=null currentPage=1 totalPages=1
[omr-debug] pipeline:page-1:before-analyze {
  label: 'pipeline:page-1:before-analyze',
  width: 1000,
  height: 1294,
  length: 5176000,
  bufferByteLength: 5176000,
  detached: false,
  probe: 255
} 
[omr-debug] processOmrPage:start {
  label: 'processOmrPage:start',
  width: 1000,
  height: 1294,
  length: 5176000,
  bufferByteLength: 5176000,
  detached: false,
  probe: 255
} { page: 1, legacyFontGlyphsApplied: undefined }
[omr-debug] processOmrPage:done:page-1 {
  label: 'processOmrPage:done:page-1',
  width: 1000,
  height: 1294,
  length: 5176000,
  bufferByteLength: 5176000,
  detached: false,
  probe: 255
} {
  notes: 32,
  systems: 4,
  source: 'vector-glyphs',
  legacyFontGlyphsApplied: undefined
}
[omr-debug] pipeline:page-1:after-analyze { notes: 32, systems: 4 }
[omr-trace] phase=page-1 ms=168 end { systems: 4, measures: 12, notes: 32 }
[omr-trace] phase=omr-v3-confidence start
[omr-trace] phase=omr-v3-confidence ms=5 end
[omr-trace] phase=post-process start
[omr-trace] phase=post-process ms=0 end { measureCount: 12 }
[omr-trace] phase=build-musicxml start
[omr-trace] phase=build-musicxml ms=0 end
[omr-trace] pipeline:success { noteCount: 32, measureCount: 12 }
OMR semantic corpus — baseline
==============================
label: guitar-pitch-sprint-1-after
mode: written
evaluator: frozen 2.0.0 / schema 2
git: 15aa1db
createdAt: 2026-07-26T19:25:05.571Z
fixtures: 4/4 ok

Scoreboard (mean across fixtures)
- overall: 61.3%
- pitch: 55.9%
- rhythm: 59.4%
- sustain: 50.0%
- articulation: 100.0%
- measureStructure: 64.0%
- interpretation: 0.0%

Top recurring recognition errors
- missing-note [pitch] ×100 across 3 fixtures
- duration-mismatch [rhythm] ×80 across 4 fixtures
- onset-mismatch [rhythm] ×69 across 3 fixtures
- extra-note [pitch] ×66 across 4 fixtures
- incorrect-chord [measure-structure] ×66 across 3 fixtures
- incorrect-pitch [pitch] ×31 across 3 fixtures
- split-measure [measure-structure] ×11 across 3 fixtures
- repeat-mismatch [interpretation] ×4 across 2 fixtures
- tempo-mismatch [interpretation] ×4 across 4 fixtures
- extra-measure [measure-structure] ×3 across 1 fixtures
- incorrect-tie [sustain] ×2 across 1 fixtures
- missing-tie [sustain] ×2 across 1 fixtures
- volta-mismatch [interpretation] ×2 across 1 fixtures

Per-fixture summary
- guitar-tab-sparse-vector: overall=68.5% R=17% P=70% S=100% A=100% M=92% I=0%
  worst measures: #1(extra-note|duration-mismatch|onset-mismatch), #8(extra-note|duration-mismatch|duration-mismatch), #7(extra-note|duration-mismatch|duration-mismatch)
- guitar-standard-chords-vector: overall=44.6% R=47% P=27% S=0% A=100% M=38% I=0%
  worst measures: #8(split-measure|missing-note|missing-note), #4(split-measure|missing-note|missing-note), #5(split-measure|missing-note|missing-note)
- guitar-paired-chords-vector: overall=67.9% R=81% P=48% S=100% A=100% M=46% I=0%
  worst measures: #6(split-measure|missing-note|missing-note), #1(extra-note|extra-note|extra-note), #7(split-measure|missing-note|missing-note)
- guitar-techniques-paired-vector: overall=64.4% R=93% P=78% S=0% A=100% M=80% I=0%
  worst measures: #2(split-measure|missing-note|extra-note), #3(split-measure|missing-note|extra-note), #6(split-measure|missing-note|extra-note)
